Tests pass for order 1 at tolerance 1e-10
Tests pass for order 1 derivatives at tolerance 1e-10
Tests pass for order 1 at tolerance 1e-10
Tests pass for order 1 derivatives at tolerance 1e-10
Tests FAIL for order 1 at tolerance 1e-10 error 0.0606755
Tests FAIL for order 1 derivatives at tolerance 1e-10 error 0.163724