Tests FAIL for order 2 at tolerance 1e-10 error 0.062113
Tests FAIL for order 2 derivatives at tolerance 1e-10 error 0.372678
Tests FAIL for order 2 at tolerance 1e-10 error 0.0523143
Tests FAIL for order 2 derivatives at tolerance 1e-10 error 0.437004
Tests FAIL for order 2 at tolerance 1e-10 error 0.0675952
Tests FAIL for order 2 derivatives at tolerance 1e-10 error 0.338889