Function tests FAIL for order 2 at tolerance 1e-10 error 0.00388206
Function tests FAIL for order 2 derivatives at tolerance 1e-10 error 0.0931695
Interpolation tests FAIL for order 2 at tolerance 1e-10 error 0.39972
Interpolation tests FAIL for order 2 derivatives at tolerance 1e-10 error 4.04542
Interpolation tests FAIL for order 2 at tolerance 1e-10 error 0.0710388
Interpolation tests FAIL for order 2 derivatives at tolerance 1e-10 error 8.17169
WARNING! There are options you set that were not used!
WARNING! could be spelling mistake, etc!
Option left: name:-continuous value: 0