Function tests pass for order 0 at tolerance 1e-10
Function tests pass for order 0 derivatives at tolerance 1e-10
Function   convergence rate at refinement 0: 1.1
Derivative convergence rate at refinement 0: 1.2
Function   convergence rate at refinement 1: 1.5
Derivative convergence rate at refinement 1: 1.5
Function   convergence rate at refinement 2: 1.7
Derivative convergence rate at refinement 2: 1.7
WARNING! There are options you set that were not used!
WARNING! could be spelling mistake, etc!
Option left: name:-continuous value: 0