Tests FAIL for order 2 at tolerance 1e-10 error 0.0277778
Tests pass for order 2 derivatives at tolerance 1e-10