Function tests pass for order 1 at tolerance 1e-10
Function tests pass for order 1 derivatives at tolerance 1e-10
Interpolation tests FAIL for order 1 at tolerance 1e-10 error 0.721688
Interpolation tests FAIL for order 1 derivatives at tolerance 1e-10 error 1.62019
Interpolation tests FAIL for order 1 at tolerance 1e-10 error 0.514967
Interpolation tests FAIL for order 1 derivatives at tolerance 1e-10 error 1.59089