iter =   0, Function value: 23.7,  Residual: 1481.25 
iter =   1, Function value: 16.6374,  Residual: 1113.63 
iter =   2, Function value: 9.0158,  Residual: 425.794 
iter =   3, Function value: 1.47281,  Residual: 79.1258 
iter =   4, Function value: 1.45554,  Residual: 113.788 
iter =   5, Function value: 0.855778,  Residual: 53.1354 
iter =   6, Function value: 0.0580995,  Residual: 6.24759 
iter =   7, Function value: 0.00399117,  Residual: 0.434972 
iter =   8, Function value: 0.000120079,  Residual: 0.00631045 
iter =   9, Function value: 4.47919e-06,  Residual: 0.000790023 
iter =  10, Function value: 1.27515e-07,  Residual: 4.66824e-05 
iter =  11, Function value: 5.65138e-09,  Residual: 5.38054e-06 
iter =   0, Function value: 11.6244,  Residual: 620.272 
iter =   1, Function value: 3.82014,  Residual: 224.374 
iter =   2, Function value: 0.292613,  Residual: 11.2089 
iter =   3, Function value: 0.032353,  Residual: 1.01737 
iter =   4, Function value: 0.000733643,  Residual: 0.0225887 
iter =   5, Function value: 4.37934e-07,  Residual: 1.43557e-05 
iter =   6, Function value: 1.21569e-08,  Residual: 6.86603e-06 
iter =   7, Function value: 3.10884e-09,  Residual: 5.02924e-06 
iter =   0, Function value: 7.60885,  Residual: 380.402 
iter =   1, Function value: 0.506023,  Residual: 15.1386 
iter =   2, Function value: 0.057735,  Residual: 1.44822 
iter =   3, Function value: 0.00145556,  Residual: 0.0386675 
iter =   4, Function value: 1.18515e-06,  Residual: 4.5645e-05 
iter =   5, Function value: 2.65206e-08,  Residual: 1.32919e-05 
iter =   6, Function value: 4.16721e-09,  Residual: 9.29082e-06 
iter =   0, Function value: 5.89837,  Residual: 226.875 
iter =   1, Function value: 0.514699,  Residual: 11.5932 
iter =   2, Function value: 0.0562058,  Residual: 1.1093 
iter =   3, Function value: 0.00122892,  Residual: 0.0258171 
iter =   4, Function value: 9.34205e-07,  Residual: 0.000409125 
iter =   5, Function value: 4.38803e-08,  Residual: 6.38081e-05 
iter =   6, Function value: 1.31093e-08,  Residual: 3.57554e-05 
iter =   7, Function value: 6.75643e-09,  Residual: 2.08786e-05 
iter =   0, Function value: 4.91075,  Residual: 137.463 
iter =   1, Function value: 0.535094,  Residual: 9.42406 
iter =   2, Function value: 0.0522944,  Residual: 0.7966 
iter =   3, Function value: 0.000919737,  Residual: 0.0147715 
iter =   4, Function value: 8.27496e-07,  Residual: 0.000704412 
iter =   5, Function value: 4.63145e-08,  Residual: 8.83974e-05 
iter =   6, Function value: 1.70564e-08,  Residual: 6.10391e-05 
iter =   7, Function value: 1.4107e-08,  Residual: 5.21234e-05 
iter =   8, Function value: 1.03139e-08,  Residual: 3.97853e-05 
iter =   9, Function value: 6.8431e-09,  Residual: 2.79178e-05 
iter =   0, Function value: 4.37755,  Residual: 104.021 
iter =   1, Function value: 0.51686,  Residual: 7.97594 
iter =   2, Function value: 0.0476357,  Residual: 0.660109 
iter =   3, Function value: 0.000741475,  Residual: 0.0105341 
iter =   4, Function value: 1.11683e-06,  Residual: 0.00185426 
iter =   5, Function value: 5.8417e-08,  Residual: 0.000151973 
iter =   6, Function value: 3.04551e-09,  Residual: 2.92913e-06 
iter =   0, Function value: 3.98171,  Residual: 81.2764 
iter =   1, Function value: 0.497,  Residual: 6.67227 
iter =   2, Function value: 0.0423014,  Residual: 0.486087 
iter =   3, Function value: 0.000601347,  Residual: 0.0162292 
iter =   4, Function value: 2.55018e-06,  Residual: 0.00683644 
iter =   5, Function value: 4.59946e-08,  Residual: 3.38394e-05 
iter =   6, Function value: 2.24018e-09,  Residual: 2.61467e-06 
iter =   0, Function value: 3.68995,  Residual: 71.9281 
iter =   1, Function value: 0.475062,  Residual: 6.17621 
iter =   2, Function value: 0.0383651,  Residual: 0.446017 
iter =   3, Function value: 0.00051113,  Residual: 0.0329186 
iter =   4, Function value: 1.27173e-05,  Residual: 0.00742649 
iter =   5, Function value: 4.14295e-07,  Residual: 7.18594e-05 
iter =   6, Function value: 6.09056e-09,  Residual: 6.57628e-06 
iter =   0, Function value: 3.44743,  Residual: 63.889 
iter =   1, Function value: 0.452013,  Residual: 5.60059 
iter =   2, Function value: 0.0343662,  Residual: 0.375693 
iter =   3, Function value: 0.000423658,  Residual: 0.0849796 
iter =   4, Function value: 1.05201e-05,  Residual: 0.0318572 
iter =   5, Function value: 1.14431e-07,  Residual: 0.000174046 
iter =   6, Function value: 1.1133e-08,  Residual: 1.62901e-05 
iter =   7, Function value: 2.91655e-10,  Residual: 4.67059e-07 
