iter =   0, Function value 4575.71, Residual: 1815.3 
iter =   1, Function value 4575.71, Residual: 4838.21 
iter =   2, Function value 4575.71, Residual: 1404.45 
iter =   3, Function value 3627.39, Residual: 11279.7 
iter =   4, Function value 3333.19, Residual: 693.63 
iter =   5, Function value 2748.7, Residual: 1266.47 
iter =   6, Function value 2472.04, Residual: 54.9879 
iter =   7, Function value 2429.45, Residual: 175.111 
iter =   8, Function value 2424.7, Residual: 9.33286 
iter =   9, Function value 2424.47, Residual: 1.92785 
iter =  10, Function value 2423.92, Residual: 3.0949 
iter =  11, Function value 2423.82, Residual: 1.59881 
iter =  12, Function value 2423.78, Residual: 0.145223 
iter =  13, Function value 2423.74, Residual: 2.72705 
iter =  14, Function value 2423.74, Residual: 0.207979 
iter =  15, Function value 2423.64, Residual: 0.629955 
iter =  16, Function value 2423.3, Residual: 0.688864 
iter =  17, Function value 2423.15, Residual: 52.5411 
iter =  18, Function value 2419.69, Residual: 116.07 
iter =  19, Function value 2410.57, Residual: 3899.06 
iter =  20, Function value 2410.57, Residual: 1175.72 
iter =  21, Function value 2407.71, Residual: 221.714 
iter =  22, Function value 2402, Residual: 820.826 
iter =  23, Function value 2401.52, Residual: 84.4069 
iter =  24, Function value 2397.59, Residual: 439.413 
iter =  25, Function value 2396.86, Residual: 8807.48 
iter =  26, Function value 2392.58, Residual: 1031.11 
iter =  27, Function value 2392.58, Residual: 203.439 
iter =  28, Function value 2388.9, Residual: 11.8779 
iter =  29, Function value 2388.9, Residual: 2.59019 
iter =  30, Function value 2386.92, Residual: 12.0483 
iter =  31, Function value 2386.43, Residual: 4.20477 
iter =  32, Function value 2385.58, Residual: 91.1708 
iter =  33, Function value 2384.83, Residual: 4.09694 
iter =  34, Function value 2384.75, Residual: 87.0155 
iter =  35, Function value 2384.59, Residual: 20.0607 
iter =  36, Function value 2384.55, Residual: 4.24113 
iter =  37, Function value 2384.5, Residual: 2.04641 
iter =  38, Function value 2384.48, Residual: 0.0493895 
iter =  39, Function value 2384.48, Residual: 0.0315908 
iter =  40, Function value 2384.48, Residual: 0.00105658 
iter =  41, Function value 2384.48, Residual: 0.000296998 
iter =  42, Function value 2384.48, Residual: 4.37764e-05 
iter =  43, Function value 2384.48, Residual: 5.60775e-05 
iter =  44, Function value 2384.48, Residual: 5.27547e-05 
iter =  45, Function value 2384.48, Residual: 0.000186749 
iter =  46, Function value 2384.48, Residual: 0.00138439 
iter =  47, Function value 2384.48, Residual: 0.000128326 
iter =  48, Function value 2384.48, Residual: 3.2266e-06 
