iter =   0, Function value 4575.71, Residual: 1815.3 
iter =   1, Function value 4575.71, Residual: 4838.21 
iter =   2, Function value 4575.71, Residual: 1404.45 
iter =   3, Function value 3627.39, Residual: 11279.7 
iter =   4, Function value 3333.19, Residual: 693.63 
iter =   5, Function value 2748.7, Residual: 1266.47 
iter =   6, Function value 2472.04, Residual: 54.9879 
iter =   7, Function value 2429.45, Residual: 175.111 
iter =   8, Function value 2424.7, Residual: 9.33286 
iter =   9, Function value 2424.47, Residual: 1.92785 
iter =  10, Function value 2423.92, Residual: 3.0949 
iter =  11, Function value 2423.82, Residual: 1.59881 
iter =  12, Function value 2423.78, Residual: 0.145223 
iter =  13, Function value 2423.74, Residual: 2.72705 
iter =  14, Function value 2423.74, Residual: 0.207979 
iter =  15, Function value 2423.64, Residual: 0.629955 
iter =  16, Function value 2423.3, Residual: 0.688864 
iter =  17, Function value 2423.15, Residual: 52.5411 
iter =  18, Function value 2419.69, Residual: 116.07 
iter =  19, Function value 2410.57, Residual: 3899.06 
iter =  20, Function value 2410.57, Residual: 1175.72 
iter =  21, Function value 2407.71, Residual: 221.714 
iter =  22, Function value 2402, Residual: 820.826 
iter =  23, Function value 2401.52, Residual: 84.4069 
iter =  24, Function value 2397.59, Residual: 439.413 
iter =  25, Function value 2396.86, Residual: 8807.48 
iter =  26, Function value 2392.58, Residual: 1031.11 
iter =  27, Function value 2392.58, Residual: 203.439 
iter =  28, Function value 2388.9, Residual: 11.8779 
iter =  29, Function value 2388.9, Residual: 2.59019 
iter =  30, Function value 2386.92, Residual: 12.0483 
iter =  31, Function value 2386.43, Residual: 4.20477 
iter =  32, Function value 2385.58, Residual: 91.1708 
iter =  33, Function value 2384.83, Residual: 4.09694 
iter =  34, Function value 2384.75, Residual: 87.0155 
iter =  35, Function value 2384.59, Residual: 20.0607 
iter =  36, Function value 2384.55, Residual: 4.24113 
iter =  37, Function value 2384.5, Residual: 2.04641 
iter =  38, Function value 2384.48, Residual: 0.0493895 
iter =  39, Function value 2384.48, Residual: 0.0315908 
iter =  40, Function value 2384.48, Residual: 0.00105658 
iter =  41, Function value 2384.48, Residual: 0.000296998 
iter =  42, Function value 2384.48, Residual: 4.37764e-05 
iter =  43, Function value 2384.48, Residual: 5.60775e-05 
iter =  44, Function value 2384.48, Residual: 5.27547e-05 
iter =  45, Function value 2384.48, Residual: 0.000186749 
iter =  46, Function value 2384.48, Residual: 0.00138439 
iter =  47, Function value 2384.48, Residual: 0.000128326 
iter =  48, Function value 2384.48, Residual: 3.2266e-06 
   4575.7085175608727        1815.2985516599065     
   4575.7085175608727        4838.2083666606040     
   4575.7085175608727        1404.4509372830305     
   3627.3927583126265        11279.715346421568     
   3333.1871200999981        693.63002589121515     
   2748.7041313992117        1266.4717014011730     
   2472.0414182501268        54.987893149455743     
   2429.4473065460656        175.11054315844743     
   2424.7004064678872        9.3328577482750870     
   2424.4711128793488        1.9278493099550298     
   2423.9239896924596        3.0948988996788627     
   2423.8199378872168        1.5988120001313497     
   2423.7822620379552       0.14522252047549319     
   2423.7419464967652        2.7270542596680163     
   2423.7419464967652       0.20797898346398888     
   2423.6405889354255       0.62995456814339590     
   2423.2977984497670       0.68886426060097505     
   2423.1459654411096        52.541057391635832     
   2419.6917659305450        116.07020674567225     
   2410.5731547781111        3899.0587436035444     
   2410.5731547781111        1175.7150756641424     
   2407.7121361243144        221.71417295528801     
   2401.9979518021541        820.82567212274103     
   2401.5212490420831        84.406887096248553     
   2397.5934569975911        439.41260602494134     
   2396.8631395294292        8807.4799479875637     
   2392.5777839088414        1031.1078133302051     
   2392.5777839088414        203.43920006488241     
   2388.9035753043049        11.877921109403017     
   2388.9035753043049        2.5901916659942761     
   2386.9213994962824        12.048348604715711     
   2386.4259721756521        4.2047705372762474     
   2385.5754521105919        91.170784812495299     
   2384.8272163862553        4.0969387108888649     
   2384.7455907419758        87.015464605990744     
   2384.5921392134151        20.060707859574123     
   2384.5491804285339        4.2411290267486708     
   2384.4978235251156        2.0464140657030931     
   2384.4770031276507       4.93895039178417483E-002
   2384.4770031276507       3.15908020602697556E-002
   2384.4770031276507       1.05658344763725912E-003
   2384.4770031276507       2.96997997050994951E-004
   2384.4770025456428       4.37763567786340232E-005
   2384.4769989032384       5.60774616034032930E-005
   2384.4769962175378       5.27546950672090807E-005
   2384.4769956905220       1.86749322666813106E-004
   2384.4769935127729       1.38439168964410767E-003
   2384.4769935127729       1.28325673221681461E-004
   2384.4769933716775       3.22660242852017783E-006
TaoSolver: 1 MPI processes
  type: tao_pounders
      Subproblem solver: tron
  convergence tolerances: fatol=0,   frtol=0
  convergence tolerances: gatol=1e-08,   steptol=0,   gttol=0
  Residual in Function/Gradient:=3.2266e-06
  Objective value=2384.48
  total number of iterations=48,                          (max: 2000)
  total number of function evaluations=52,                  max: 4000
  Solution converged:    ||g(X)||/|f(X)| <= grtol
