iter = 0, Function value: 0.467685,  Residual: 0.285747   Constraint: 0.113155 
iter = 0, Function value: 0.46769,  Residual: 0.285741   Constraint: 0.0722718 
iter = 1, Function value: 0.391598,  Residual: 0.247908   Constraint: 0.144568 
iter = 1, Function value: 0.3915,  Residual: 0.247963   Constraint: 1.06904e-05 
iter = 2, Function value: 0.0864592,  Residual: 1.17562   Constraint: 9.83956 
iter = 2, Function value: 0.080015,  Residual: 0.0858207   Constraint: 0.000886843 
iter = 3, Function value: 0.0561365,  Residual: 0.128368   Constraint: 1.05222 
iter = 3, Function value: 0.0556401,  Residual: 0.0525329   Constraint: 8.29083e-05 
iter = 4, Function value: 0.0451621,  Residual: 0.0536156   Constraint: 0.378883 
iter = 4, Function value: 0.0450944,  Residual: 0.0256047   Constraint: 2.60901e-05 
iter = 5, Function value: 0.0414234,  Residual: 0.0230198   Constraint: 0.0687998 
iter = 5, Function value: 0.0414179,  Residual: 0.0205069   Constraint: 5.85904e-06 
iter = 6, Function value: 0.0358534,  Residual: 0.0858354   Constraint: 0.495252 
iter = 6, Function value: 0.0358903,  Residual: 0.014449   Constraint: 4.44894e-05 
iter = 7, Function value: 0.0354195,  Residual: 0.0402465   Constraint: 0.203864 
iter = 7, Function value: 0.0353987,  Residual: 0.0219908   Constraint: 1.27901e-05 
iter = 8, Function value: 0.0338488,  Residual: 0.00736241   Constraint: 0.0327061 
iter = 8, Function value: 0.0338487,  Residual: 0.0064752   Constraint: 2.32724e-06 
iter = 9, Function value: 0.033524,  Residual: 0.00359618   Constraint: 0.00665687 
iter = 9, Function value: 0.0335237,  Residual: 0.00343973   Constraint: 3.63992e-07 
iter = 10, Function value: 0.0333084,  Residual: 0.00365225   Constraint: 0.0140135 
iter = 10, Function value: 0.0333092,  Residual: 0.00291296   Constraint: 6.17771e-07 
iter = 11, Function value: 0.0332957,  Residual: 0.00842716   Constraint: 0.0124358 
KSP Iterations = 845
KSP iterations within initialization: 37
TAO failed to converge.
