
---- Journal Bearing Problem SHB-----
mx: 50,  my: 50,  ecc: 0.1 

WARNING: Variable bounds have been set but will be ignored by lmvm algorithm
iter =   0, Function value 0, Residual: 0.172514 
iter =   1, Function value -0.24002, Residual: 0.18037 
iter =   2, Function value -0.266167, Residual: 0.106205 
iter =   3, Function value -0.274885, Residual: 0.0654465 
iter =   4, Function value -0.278679, Residual: 0.0592478 
iter =   5, Function value -0.279414, Residual: 0.117003 
iter =   6, Function value -0.280703, Residual: 0.0527825 
iter =   7, Function value -0.281081, Residual: 0.0365177 
iter =   8, Function value -0.28139, Residual: 0.032019 
iter =   9, Function value -0.281675, Residual: 0.0461614 
iter =  10, Function value -0.281828, Residual: 0.0444793 
iter =  11, Function value -0.28194, Residual: 0.0253332 
iter =  12, Function value -0.28206, Residual: 0.0208224 
iter =  13, Function value -0.282163, Residual: 0.031821 
iter =  14, Function value -0.282251, Residual: 0.0278449 
iter =  15, Function value -0.282312, Residual: 0.0172146 
iter =  16, Function value -0.282363, Residual: 0.0171102 
iter =  17, Function value -0.28241, Residual: 0.0209762 
iter =  18, Function value -0.28246, Residual: 0.0175603 
iter =  19, Function value -0.282495, Residual: 0.0138991 
iter =  20, Function value -0.282521, Residual: 0.0115249 
iter =  21, Function value -0.282541, Residual: 0.0131661 
iter =  22, Function value -0.282562, Residual: 0.00978486 
