
---- Journal Bearing Problem SHB-----
mx: 10,  my: 16,  ecc: 0.9 

iter =   0, Function value 0, Residual: 800.442 
iter =   1, Function value -0.0013045, Residual: 405.913 
iter =   2, Function value 357.43, Residual: 137.807 
iter =   3, Function value 90.9645, Residual: 33.762 
iter =   4, Function value 11.9055, Residual: 10.1818 
iter =   5, Function value -9.0619, Residual: 4.16795 
iter =   6, Function value -14.5069, Residual: 1.65627 
iter =   7, Function value -15.4412, Residual: 0.573414 
iter =   8, Function value -15.5824, Residual: 0.197133 
iter =   9, Function value -15.6022, Residual: 0.0777909 
iter =  10, Function value -15.6065, Residual: 0.0241401 
iter =  11, Function value -15.607, Residual: 0.0057494 
iter =  12, Function value -15.607, Residual: 0.0012909 
iter =  13, Function value -15.607, Residual: 0.000288714 
iter =  14, Function value -15.607, Residual: 6.45593e-05 
iter =  15, Function value -15.607, Residual: 1.44369e-05 
iter =  16, Function value -15.607, Residual: 3.23193e-06 
iter =  17, Function value -15.607, Residual: < 1.0e-6 
iter =  18, Function value -15.607, Residual: < 1.0e-6 
iter =  19, Function value -15.607, Residual: < 1.0e-6 
iter =  20, Function value -15.607, Residual: < 1.0e-6 
iter =  21, Function value -15.607, Residual: < 1.0e-6 
iter =  22, Function value -15.607, Residual: < 1.0e-6 
iter =  23, Function value -15.607, Residual: < 1.0e-6 
iter =  24, Function value -15.607, Residual: < 1.0e-6 
iter =  25, Function value -15.607, Residual: < 1.0e-6 
iter =  26, Function value -15.607, Residual: < 1.0e-6 
iter =  27, Function value -15.607, Residual: < 1.0e-6 
iter =  28, Function value -15.607, Residual: < 1.0e-6 
iter =  29, Function value -15.607, Residual: 1.68559e-06 
iter =  30, Function value -15.607, Residual: 7.6415e-06 
iter =  31, Function value -15.607, Residual: 4.14672e-05 
iter =  32, Function value -15.607, Residual: 0.00012554 
iter =  33, Function value -15.607, Residual: 0.000173218 
iter =  34, Function value -15.607, Residual: 0.000138959 
iter =  35, Function value -15.607, Residual: 0.000138087 
iter =  36, Function value -15.607, Residual: 0.000131608 
iter =  37, Function value -15.607, Residual: 9.62038e-05 
iter =  38, Function value -15.607, Residual: 0.0002623 
iter =  39, Function value -15.607, Residual: 0.000216921 
iter =  40, Function value -15.607, Residual: 0.000190642 
iter =  41, Function value -15.607, Residual: 0.000191393 
iter =  42, Function value -15.607, Residual: 0.000125015 
iter =  43, Function value -15.607, Residual: 0.000170992 
iter =  44, Function value -15.607, Residual: 0.000162133 
iter =  45, Function value -15.607, Residual: 7.27844e-05 
iter =  46, Function value -15.607, Residual: 3.59736e-05 
iter =  47, Function value -15.607, Residual: 0.000159222 
iter =  48, Function value -15.607, Residual: 0.000209516 
iter =  49, Function value -15.607, Residual: 0.000119607 
iter =  50, Function value -15.607, Residual: 0.00014458 
iter =  51, Function value -15.607, Residual: 0.00018213 
iter =  52, Function value -15.607, Residual: 0.000156857 
iter =  53, Function value -15.607, Residual: 2.96826e-05 
iter =  54, Function value -15.607, Residual: 0.000136912 
iter =  55, Function value -15.607, Residual: 7.55527e-05 
iter =  56, Function value -15.607, Residual: 0.000123648 
iter =  57, Function value -15.607, Residual: 0.000158529 
iter =  58, Function value -15.607, Residual: 0.000110552 
iter =  59, Function value -15.607, Residual: 3.22198e-05 
iter =  60, Function value -15.607, Residual: 5.6205e-05 
iter =  61, Function value -15.607, Residual: 3.46681e-05 
iter =  62, Function value -15.607, Residual: 0.00010085 
iter =  63, Function value -15.607, Residual: 0.000124557 
iter =  64, Function value -15.607, Residual: 8.00137e-05 
iter =  65, Function value -15.607, Residual: 0.000130641 
iter =  66, Function value -15.607, Residual: 0.000158652 
iter =  67, Function value -15.607, Residual: 0.000155741 
iter =  68, Function value -15.607, Residual: 0.000191124 
iter =  69, Function value -15.607, Residual: 0.00025341 
iter =  70, Function value -15.607, Residual: 0.000201764 
iter =  71, Function value -15.607, Residual: 0.000265691 
iter =  72, Function value -15.607, Residual: 0.000226896 
iter =  73, Function value -15.607, Residual: 0.000173486 
iter =  74, Function value -15.607, Residual: 0.00018119 
iter =  75, Function value -15.607, Residual: 9.36074e-05 
iter =  76, Function value -15.607, Residual: 7.50461e-05 
iter =  77, Function value -15.607, Residual: 9.8104e-05 
iter =  78, Function value -15.607, Residual: 5.67792e-05 
iter =  79, Function value -15.607, Residual: 0.000167576 
iter =  80, Function value -15.607, Residual: 9.22374e-05 
iter =  81, Function value -15.607, Residual: 0.000151041 
iter =  82, Function value -15.607, Residual: 0.000150916 
iter =  83, Function value -15.607, Residual: 5.34983e-05 
iter =  84, Function value -15.607, Residual: 6.04606e-05 
iter =  85, Function value -15.607, Residual: 0.000134569 
iter =  86, Function value -15.607, Residual: 7.05816e-05 
iter =  87, Function value -15.607, Residual: 0.000115707 
iter =  88, Function value -15.607, Residual: 0.000165849 
iter =  89, Function value -15.607, Residual: 5.46329e-05 
iter =  90, Function value -15.607, Residual: 0.000200978 
iter =  91, Function value -15.607, Residual: 3.34837e-05 
iter =  92, Function value -15.607, Residual: 0.000167363 
iter =  93, Function value -15.607, Residual: 4.24215e-05 
iter =  94, Function value -15.607, Residual: 0.000181084 
iter =  95, Function value -15.607, Residual: 9.63205e-05 
iter =  96, Function value -15.607, Residual: 4.19135e-05 
iter =  97, Function value -15.607, Residual: 0.000130439 
iter =  98, Function value -15.607, Residual: 0.000115164 
iter =  99, Function value -15.607, Residual: 0.000230389 
iter = 100, Function value -15.607, Residual: 0.000235898 
Try a different TAO method, adjust some parameters, or check the function evaluation routines
