iter =   0, Function value 1, Residual: 2 
iter =   1, Function value 0.773446, Residual: 6.07754 
iter =   2, Function value 0.648599, Residual: 3.22619 
iter =   3, Function value 0.560405, Residual: 5.47111 
iter =   4, Function value 0.379185, Residual: 3.01163 
iter =   5, Function value 0.280758, Residual: 2.6864 
