iter =   0, Function value 1, Residual: 2 
iter =   1, Function value 0.773446, Residual: 6.07754 
iter =   2, Function value 0.648599, Residual: 3.22619 
iter =   3, Function value 0.560405, Residual: 5.47111 
iter =   4, Function value 0.379185, Residual: 3.01163 
iter =   5, Function value 0.280758, Residual: 2.6864 
iter =   6, Function value 0.187322, Residual: 3.78999 
iter =   7, Function value 0.129225, Residual: 6.25728 
iter =   8, Function value 0.10936, Residual: 0.457052 
iter =   9, Function value 0.0850793, Residual: 0.9475 
iter =  10, Function value 0.0601238, Residual: 3.23463 
iter =  11, Function value 0.0405988, Residual: 3.6698 
 Try a different TAO method, adjust some parameters,
 or check the function evaluation routines.
