
---- Minimum Surface Area Problem -----
mx: 10     my: 17   

iter =   0, Function value 1.4719, Residual: 0.199654 
iter =   0, Function value 1.44702, Residual: 0.196395 
iter =   1, Function value 1.42153, Residual: 0.0700494 
iter =   2, Function value 1.41941, Residual: 0.00968356 
iter =   3, Function value 1.41937, Residual: 0.000258597 
iter =   4, Function value 1.41937, Residual: < 1.0e-6 
TaoSolver: 3 MPI processes
  type: tao_nls
      Rejected matrix updates: 0
      Newton steps: 4
      BFGS steps: 0
      Scaled gradient steps: 0
      Gradient steps: 0
      nls ksp atol: 0
      nls ksp rtol: 4
      nls ksp ctol: 0
      nls ksp negc: 0
      nls ksp dtol: 0
      nls ksp iter: 0
      nls ksp othr: 0
  TaoLineSearch:   3 MPI processes
    type: more-thuente
  KSP Solver:   3 MPI processes
    type: stcg
  total KSP iterations: 153
  convergence tolerances: fatol=1e-10,   frtol=1e-10
  convergence tolerances: gatol=1e-08,   steptol=0,   gttol=0
  Residual in Function/Gradient:=2.13078e-07
  Objective value=1.41937
  total number of iterations=4,                          (max: 50)
  total number of function/gradient evaluations=11,      (max: 4000)
  total number of Hessian evaluations=5
  Solution converged:   estimated f(x)-f(X*) <= fatol
