
---- Minimum Surface Area Problem -----
mx: 10     my: 8   

iter =   0, Function value 1.45591, Residual: 0.21372 
iter =   0, Function value 1.43469, Residual: 0.20591 
iter =   1, Function value 1.41826, Residual: 0.0319615 
iter =   2, Function value 1.41775, Residual: 0.00191208 
iter =   3, Function value 1.41775, Residual: 7.88629e-06 
TaoSolver: 2 MPI processes
  type: tao_ntr
      Rejected matrix updates: 0
  KSP Solver:   2 MPI processes
    type: stcg
  total KSP iterations: 87
  convergence tolerances: fatol=1e-10,   frtol=1e-10
  convergence tolerances: gatol=1e-08,   steptol=0,   gttol=0
  Residual in Function/Gradient:=7.88629e-06
  Objective value=1.41775
  total number of iterations=3,                          (max: 50)
  total number of function/gradient evaluations=13,      (max: 4000)
  total number of Hessian evaluations=4
  Solution converged:   estimated f(x)-f(X*) <= fatol
