iter = 0, Function value: 1817.15,  Residual: 674.659   Constraint: 0.236527 
iter = 0, Function value: 1817.15,  Residual: 674.659   Constraint: 0.236527 
iter = 1, Function value: 759.053,  Residual: 350.942   Constraint: 436.729 
iter = 1, Function value: 907.811,  Residual: 387.729   Constraint: 0.00928364 
iter = 2, Function value: 257.843,  Residual: 166.753   Constraint: 188.527 
iter = 2, Function value: 293.98,  Residual: 164.906   Constraint: 0.00321057 
iter = 3, Function value: 76.6474,  Residual: 73.2345   Constraint: 67.1974 
iter = 3, Function value: 87.8013,  Residual: 60.906   Constraint: 0.00176998 
iter = 4, Function value: 22.1008,  Residual: 29.0158   Constraint: 33.5656 
iter = 4, Function value: 24.2858,  Residual: 19.9416   Constraint: 0.000910805 
iter = 5, Function value: 10.2459,  Residual: 7.83742   Constraint: 10.0793 
iter = 5, Function value: 10.4853,  Residual: 5.14356   Constraint: 0.000301531 
iter = 6, Function value: 7.70775,  Residual: 3.12918   Constraint: 2.69861 
iter = 6, Function value: 7.73873,  Residual: 2.79554   Constraint: 8.04673e-05 
iter = 7, Function value: 6.15416,  Residual: 3.65921   Constraint: 2.73775 
iter = 7, Function value: 6.16638,  Residual: 3.33597   Constraint: 7.83293e-05 
iter = 8, Function value: 4.03419,  Residual: 5.11302   Constraint: 10.8897 
iter = 8, Function value: 4.01626,  Residual: 2.88995   Constraint: 0.000184484 
iter = 9, Function value: 2.26987,  Residual: 10.2932   Constraint: 27.4401 
iter = 9, Function value: 2.26573,  Residual: 1.42829   Constraint: 0.000304605 
iter = 10, Function value: 1.52249,  Residual: 3.94481   Constraint: 10.183 
iter = 10, Function value: 1.5283,  Residual: 1.03332   Constraint: 0.000206103 
iter = 11, Function value: 1.19444,  Residual: 2.59679   Constraint: 6.9702 
iter = 11, Function value: 1.19423,  Residual: 0.800417   Constraint: 0.000103334 
iter = 12, Function value: 1.01697,  Residual: 0.601632   Constraint: 0.590336 
iter = 12, Function value: 1.01722,  Residual: 0.520598   Constraint: 1.48563e-05 
iter = 13, Function value: 0.89479,  Residual: 0.601273   Constraint: 1.25566 
iter = 13, Function value: 0.895259,  Residual: 0.407944   Constraint: 2.78292e-05 
iter = 14, Function value: 0.843089,  Residual: 0.565172   Constraint: 0.611622 
iter = 14, Function value: 0.843563,  Residual: 0.513563   Constraint: 1.0317e-05 
iter = 15, Function value: 0.795171,  Residual: 0.243197   Constraint: 0.120455 
iter = 15, Function value: 0.795205,  Residual: 0.239024   Constraint: 2.6422e-06 
iter = 16, Function value: 0.761872,  Residual: 0.244752   Constraint: 0.230204 
iter = 16, Function value: 0.761841,  Residual: 0.268595   Constraint: 5.74244e-06 
iter = 17, Function value: 0.751539,  Residual: 0.349346   Constraint: 0.135066 
iter = 17, Function value: 0.751642,  Residual: 0.331956   Constraint: 2.91923e-06 
iter = 18, Function value: 0.740992,  Residual: 0.148073   Constraint: 0.0209829 
iter = 18, Function value: 0.741002,  Residual: 0.148477   Constraint: 5.62261e-07 
iter = 19, Function value: 0.733319,  Residual: 0.0993928   Constraint: 0.0607606 
iter = 19, Function value: 0.733321,  Residual: 0.0981809   Constraint: 1.18257e-06 
iter = 20, Function value: 0.729782,  Residual: 0.07701   Constraint: 0.0240056 
iter = 20, Function value: 0.729782,  Residual: 0.0771287   Constraint: 5.47422e-07 
iter = 21, Function value: 0.725998,  Residual: 0.114176   Constraint: 0.0854207 
iter = 21, Function value: 0.725997,  Residual: 0.100544   Constraint: 2.23169e-06 
iter = 22, Function value: 0.724792,  Residual: 0.0563483   Constraint: 0.00720465 
iter = 22, Function value: 0.724792,  Residual: 0.0565049   Constraint: 0.00540319 
iter = 23, Function value: 0.724169,  Residual: 0.0353621   Constraint: 0.0059255 
iter = 23, Function value: 0.724169,  Residual: 0.0357498   Constraint: 3.16857e-07 
KSP Iterations = 9575
KSP iterations within initialization: 325
Total KSP iterations over 1 trial(s): 9900
KSP iterations per trial: 9575
Optimization terminated with status 5.
