
---- Minimum Surface Area With Plate Problem -----
mx:8, my:12, bmx:4, bmy:10, height:0.1
iter =   0, Function value 1.58854, Residual: 0.311154 
iter =   1, Function value 1.66049, Residual: 0.586526 
iter =   2, Function value 1.71577, Residual: 0.575653 
iter =   3, Function value 1.76252, Residual: 0.5556 
iter =   4, Function value 1.75545, Residual: 0.442136 
iter =   5, Function value 1.73358, Residual: < 1.0e-6 
TaoSolver: 3 MPI processes
  type: tao_gpcg
      Total PG its: 25,      PG tolerance: 0.1 
    TaoLineSearch Object:
      type: gpcg
         GPCG Line search      maximum function evaluations=30
      tolerances: ftol=0.05, rtol=0, gtol=0
      total number of function evaluations=0
      total number of gradient evaluations=0
      total number of function/gradient evaluations=1
      using variable bounds
      Termination reason: 0
  TaoLineSearch:   3 MPI processes
    type: gpcg
  KSP Solver:   3 MPI processes
    type: nash
  total KSP iterations: 60
  Active Set subset type: mask
  convergence tolerances: fatol=1e-12,   frtol=1e-12
  convergence tolerances: gatol=1e-08,   steptol=0,   gttol=0
  Residual in Function/Gradient:=1.17663e-07
  Objective value=1.73358
  total number of iterations=5,                          (max: 500)
  total number of function/gradient evaluations=1,      (max: 100000)
  total number of Hessian evaluations=1
  Solution converged:   estimated f(x)-f(X*) <= fatol
