iter =   0, Function value 0.672236, Residual: 0.0825023 
iter =   1, Function value 0.672236, Residual: 0.00363092 
iter =   2, Function value 0.672236, Residual: 0.00255604 
iter =   3, Function value 0.605674, Residual: 0.0017702 
iter =   4, Function value 0.481008, Residual: 0.0198421 
iter =   5, Function value 0.450739, Residual: 0.209358 
iter =   6, Function value 0.450739, Residual: 0.0302694 
iter =   7, Function value 0.32249, Residual: 0.287327 
iter =   8, Function value 0.32249, Residual: 0.149936 
iter =   9, Function value 0.32249, Residual: 0.00603089 
iter =  10, Function value 0.241551, Residual: 0.00863838 
iter =  11, Function value 0.165538, Residual: 0.049713 
iter =  12, Function value 0.154723, Residual: 0.0270507 
iter =  13, Function value 0.154723, Residual: 0.00856398 
iter =  14, Function value 0.064109, Residual: 0.00877072 
iter =  15, Function value 0.064109, Residual: 0.0706379 
iter =  16, Function value 0.064109, Residual: 0.00122034 
iter =  17, Function value 0.0384947, Residual: 0.000412432 
iter =  18, Function value 0.0281482, Residual: 0.0009818 
iter =  19, Function value 0.0221946, Residual: 0.00395996 
iter =  20, Function value 0.00862849, Residual: 0.0601282 
iter =  21, Function value 0.00862849, Residual: 0.0551293 
iter =  22, Function value 0.00862849, Residual: 0.00490213 
iter =  23, Function value 0.00862849, Residual: 0.00180606 
iter =  24, Function value 0.00862849, Residual: 0.000474554 
iter =  25, Function value 0.00673395, Residual: 0.00125489 
iter =  26, Function value 0.00417136, Residual: 0.00876363 
iter =  27, Function value 0.000979529, Residual: 0.0346394 
iter =  28, Function value 9.6059e-05, Residual: 0.00218961 
iter =  29, Function value 7.50375e-05, Residual: 0.00461166 
iter =  30, Function value 5.19164e-05, Residual: 0.000154081 
iter =  31, Function value 4.09405e-05, Residual: 0.000158296 
iter =  32, Function value 3.48938e-05, Residual: 5.49291e-05 
iter =  33, Function value 1.77792e-06, Residual: 4.64464e-05 
iter =  34, Function value 3.87547e-07, Residual: 8.88555e-05 
iter =  35, Function value 2.48995e-07, Residual: 3.53788e-06 
iter =  36, Function value 6.15225e-08, Residual: 5.41586e-06 
iter =  37, Function value 6.15225e-08, Residual: 1.27887e-06 
iter =  38, Function value 6.15225e-08, Residual: < 1.0e-6 
iter =  39, Function value 6.15225e-08, Residual: < 1.0e-6 
iter =  40, Function value 2.68825e-08, Residual: < 1.0e-6 
iter =  41, Function value 2.5412e-09, Residual: < 1.0e-6 
iter =  42, Function value 2.5412e-09, Residual: < 1.0e-6 
iter =  43, Function value 2.5412e-09, Residual: < 1.0e-6 
